---
source: tui/src/startup_draft_tests.rs
expression: "snapshots.join(\"\\n---\\n\")"
---
resume lookup fallback:
before:

  >_ RCP AI Lemex (v<VERSION>)
     loading
  Resuming session…

› draft while loading


after:

  >_ RCP AI Lemex (v<VERSION>)
     loading


› draft while loading


---
fork lookup fallback:
before:

  >_ RCP AI Lemex (v<VERSION>)
     loading
  Forking session…

› draft while loading


after:

  >_ RCP AI Lemex (v<VERSION>)
     loading


› draft while loading


---
resume picker cancellation:
before:
hidden while picker owns input
after:

  >_ RCP AI Lemex (v<VERSION>)
     loading


› Ask Lemex to do anything

  ? for shortcuts
---
fork picker cancellation:
before:
hidden while picker owns input
after:

  >_ RCP AI Lemex (v<VERSION>)
     loading


› Ask Lemex to do anything

  ? for shortcuts
